2026-09-17 15:57:48.084 +03:00 [FTL] Application startup exception
System.InvalidOperationException: An error occurred when configuring the exception handler middleware. Either the 'ExceptionHandlingPath' or the 'ExceptionHandler' property must be set in 'UseExceptionHandler()'. Alternatively, set one of the aforementioned properties in 'Startup.ConfigureServices' as follows: 'services.AddExceptionHandler(options => { ... });' or configure to generate a 'ProblemDetails' response in 'service.AddProblemDetails()'.
   at Microsoft.AspNetCore.Diagnostics.ExceptionHandlerMiddlewareImpl..ctor(RequestDelegate next, ILoggerFactory loggerFactory, IOptions`1 options, DiagnosticListener diagnosticListener, IEnumerable`1 exceptionHandlers, IMeterFactory meterFactory, IProblemDetailsService problemDetailsService)
   at Microsoft.AspNetCore.Builder.ExceptionHandlerExtensions.<>c__DisplayClass5_0.<SetExceptionHandlerMiddleware>b__0(RequestDelegate next)
   at Microsoft.AspNetCore.Builder.ApplicationBuilder.Build()
   at Microsoft.AspNetCore.Builder.ApplicationBuilder.Build()
   at Microsoft.AspNetCore.Hosting.GenericWebHostService.StartAsync(CancellationToken cancellationToken)
2026-09-17 15:57:48.113 +03:00 [ERR] Hosting failed to start
System.InvalidOperationException: An error occurred when configuring the exception handler middleware. Either the 'ExceptionHandlingPath' or the 'ExceptionHandler' property must be set in 'UseExceptionHandler()'. Alternatively, set one of the aforementioned properties in 'Startup.ConfigureServices' as follows: 'services.AddExceptionHandler(options => { ... });' or configure to generate a 'ProblemDetails' response in 'service.AddProblemDetails()'.
   at Microsoft.AspNetCore.Diagnostics.ExceptionHandlerMiddlewareImpl..ctor(RequestDelegate next, ILoggerFactory loggerFactory, IOptions`1 options, DiagnosticListener diagnosticListener, IEnumerable`1 exceptionHandlers, IMeterFactory meterFactory, IProblemDetailsService problemDetailsService)
   at Microsoft.AspNetCore.Builder.ExceptionHandlerExtensions.<>c__DisplayClass5_0.<SetExceptionHandlerMiddleware>b__0(RequestDelegate next)
   at Microsoft.AspNetCore.Builder.ApplicationBuilder.Build()
   at Microsoft.AspNetCore.Builder.ApplicationBuilder.Build()
   at Microsoft.AspNetCore.Hosting.GenericWebHostService.StartAsync(CancellationToken cancellationToken)
   at Microsoft.Extensions.Hosting.Internal.Host.<StartAsync>b__14_1(IHostedService service, CancellationToken token)
   at Microsoft.Extensions.Hosting.Internal.Host.ForeachService[T](IEnumerable`1 services, CancellationToken token, Boolean concurrent, Boolean abortOnFirstException, List`1 exceptions, Func`3 operation)
2026-09-17 15:57:48.118 +03:00 [FTL] GameStore API terminated unexpectedly
System.InvalidOperationException: An error occurred when configuring the exception handler middleware. Either the 'ExceptionHandlingPath' or the 'ExceptionHandler' property must be set in 'UseExceptionHandler()'. Alternatively, set one of the aforementioned properties in 'Startup.ConfigureServices' as follows: 'services.AddExceptionHandler(options => { ... });' or configure to generate a 'ProblemDetails' response in 'service.AddProblemDetails()'.
   at Microsoft.AspNetCore.Diagnostics.ExceptionHandlerMiddlewareImpl..ctor(RequestDelegate next, ILoggerFactory loggerFactory, IOptions`1 options, DiagnosticListener diagnosticListener, IEnumerable`1 exceptionHandlers, IMeterFactory meterFactory, IProblemDetailsService problemDetailsService)
   at Microsoft.AspNetCore.Builder.ExceptionHandlerExtensions.<>c__DisplayClass5_0.<SetExceptionHandlerMiddleware>b__0(RequestDelegate next)
   at Microsoft.AspNetCore.Builder.ApplicationBuilder.Build()
   at Microsoft.AspNetCore.Builder.ApplicationBuilder.Build()
   at Microsoft.AspNetCore.Hosting.GenericWebHostService.StartAsync(CancellationToken cancellationToken)
   at Microsoft.Extensions.Hosting.Internal.Host.<StartAsync>b__14_1(IHostedService service, CancellationToken token)
   at Microsoft.Extensions.Hosting.Internal.Host.ForeachService[T](IEnumerable`1 services, CancellationToken token, Boolean concurrent, Boolean abortOnFirstException, List`1 exceptions, Func`3 operation)
   at Microsoft.Extensions.Hosting.Internal.Host.StartAsync(CancellationToken cancellationToken)
   at Microsoft.Extensions.Hosting.HostingAbstractionsHostExtensions.RunAsync(IHost host, CancellationToken token)
   at Microsoft.Extensions.Hosting.HostingAbstractionsHostExtensions.RunAsync(IHost host, CancellationToken token)
   at Microsoft.Extensions.Hosting.HostingAbstractionsHostExtensions.Run(IHost host)
   at Program.<Main>$(String[] args) in C:\Projects\GameStore\GameStore.APi\Program.cs:line 39
2026-09-17 16:01:04.837 +03:00 [FTL] Application startup exception
System.InvalidOperationException: An error occurred when configuring the exception handler middleware. Either the 'ExceptionHandlingPath' or the 'ExceptionHandler' property must be set in 'UseExceptionHandler()'. Alternatively, set one of the aforementioned properties in 'Startup.ConfigureServices' as follows: 'services.AddExceptionHandler(options => { ... });' or configure to generate a 'ProblemDetails' response in 'service.AddProblemDetails()'.
   at Microsoft.AspNetCore.Diagnostics.ExceptionHandlerMiddlewareImpl..ctor(RequestDelegate next, ILoggerFactory loggerFactory, IOptions`1 options, DiagnosticListener diagnosticListener, IEnumerable`1 exceptionHandlers, IMeterFactory meterFactory, IProblemDetailsService problemDetailsService)
   at Microsoft.AspNetCore.Builder.ExceptionHandlerExtensions.<>c__DisplayClass5_0.<SetExceptionHandlerMiddleware>b__0(RequestDelegate next)
   at Microsoft.AspNetCore.Builder.ApplicationBuilder.Build()
   at Microsoft.AspNetCore.Builder.ApplicationBuilder.Build()
   at Microsoft.AspNetCore.Hosting.GenericWebHostService.StartAsync(CancellationToken cancellationToken)
2026-09-17 16:01:04.866 +03:00 [ERR] Hosting failed to start
System.InvalidOperationException: An error occurred when configuring the exception handler middleware. Either the 'ExceptionHandlingPath' or the 'ExceptionHandler' property must be set in 'UseExceptionHandler()'. Alternatively, set one of the aforementioned properties in 'Startup.ConfigureServices' as follows: 'services.AddExceptionHandler(options => { ... });' or configure to generate a 'ProblemDetails' response in 'service.AddProblemDetails()'.
   at Microsoft.AspNetCore.Diagnostics.ExceptionHandlerMiddlewareImpl..ctor(RequestDelegate next, ILoggerFactory loggerFactory, IOptions`1 options, DiagnosticListener diagnosticListener, IEnumerable`1 exceptionHandlers, IMeterFactory meterFactory, IProblemDetailsService problemDetailsService)
   at Microsoft.AspNetCore.Builder.ExceptionHandlerExtensions.<>c__DisplayClass5_0.<SetExceptionHandlerMiddleware>b__0(RequestDelegate next)
   at Microsoft.AspNetCore.Builder.ApplicationBuilder.Build()
   at Microsoft.AspNetCore.Builder.ApplicationBuilder.Build()
   at Microsoft.AspNetCore.Hosting.GenericWebHostService.StartAsync(CancellationToken cancellationToken)
   at Microsoft.Extensions.Hosting.Internal.Host.<StartAsync>b__14_1(IHostedService service, CancellationToken token)
   at Microsoft.Extensions.Hosting.Internal.Host.ForeachService[T](IEnumerable`1 services, CancellationToken token, Boolean concurrent, Boolean abortOnFirstException, List`1 exceptions, Func`3 operation)
2026-09-17 16:01:04.870 +03:00 [FTL] GameStore API terminated unexpectedly
System.InvalidOperationException: An error occurred when configuring the exception handler middleware. Either the 'ExceptionHandlingPath' or the 'ExceptionHandler' property must be set in 'UseExceptionHandler()'. Alternatively, set one of the aforementioned properties in 'Startup.ConfigureServices' as follows: 'services.AddExceptionHandler(options => { ... });' or configure to generate a 'ProblemDetails' response in 'service.AddProblemDetails()'.
   at Microsoft.AspNetCore.Diagnostics.ExceptionHandlerMiddlewareImpl..ctor(RequestDelegate next, ILoggerFactory loggerFactory, IOptions`1 options, DiagnosticListener diagnosticListener, IEnumerable`1 exceptionHandlers, IMeterFactory meterFactory, IProblemDetailsService problemDetailsService)
   at Microsoft.AspNetCore.Builder.ExceptionHandlerExtensions.<>c__DisplayClass5_0.<SetExceptionHandlerMiddleware>b__0(RequestDelegate next)
   at Microsoft.AspNetCore.Builder.ApplicationBuilder.Build()
   at Microsoft.AspNetCore.Builder.ApplicationBuilder.Build()
   at Microsoft.AspNetCore.Hosting.GenericWebHostService.StartAsync(CancellationToken cancellationToken)
   at Microsoft.Extensions.Hosting.Internal.Host.<StartAsync>b__14_1(IHostedService service, CancellationToken token)
   at Microsoft.Extensions.Hosting.Internal.Host.ForeachService[T](IEnumerable`1 services, CancellationToken token, Boolean concurrent, Boolean abortOnFirstException, List`1 exceptions, Func`3 operation)
   at Microsoft.Extensions.Hosting.Internal.Host.StartAsync(CancellationToken cancellationToken)
   at Microsoft.Extensions.Hosting.HostingAbstractionsHostExtensions.RunAsync(IHost host, CancellationToken token)
   at Microsoft.Extensions.Hosting.HostingAbstractionsHostExtensions.RunAsync(IHost host, CancellationToken token)
   at Microsoft.Extensions.Hosting.HostingAbstractionsHostExtensions.Run(IHost host)
   at Program.<Main>$(String[] args) in C:\Projects\GameStore\GameStore.APi\Program.cs:line 39
2026-09-17 16:25:38.398 +03:00 [FTL] Application startup exception
System.InvalidOperationException: An error occurred when configuring the exception handler middleware. Either the 'ExceptionHandlingPath' or the 'ExceptionHandler' property must be set in 'UseExceptionHandler()'. Alternatively, set one of the aforementioned properties in 'Startup.ConfigureServices' as follows: 'services.AddExceptionHandler(options => { ... });' or configure to generate a 'ProblemDetails' response in 'service.AddProblemDetails()'.
   at Microsoft.AspNetCore.Diagnostics.ExceptionHandlerMiddlewareImpl..ctor(RequestDelegate next, ILoggerFactory loggerFactory, IOptions`1 options, DiagnosticListener diagnosticListener, IEnumerable`1 exceptionHandlers, IMeterFactory meterFactory, IProblemDetailsService problemDetailsService)
   at Microsoft.AspNetCore.Builder.ExceptionHandlerExtensions.<>c__DisplayClass5_0.<SetExceptionHandlerMiddleware>b__0(RequestDelegate next)
   at Microsoft.AspNetCore.Builder.ApplicationBuilder.Build()
   at Microsoft.AspNetCore.Builder.ApplicationBuilder.Build()
   at Microsoft.AspNetCore.Hosting.GenericWebHostService.StartAsync(CancellationToken cancellationToken)
2026-09-17 16:25:38.425 +03:00 [ERR] Hosting failed to start
System.InvalidOperationException: An error occurred when configuring the exception handler middleware. Either the 'ExceptionHandlingPath' or the 'ExceptionHandler' property must be set in 'UseExceptionHandler()'. Alternatively, set one of the aforementioned properties in 'Startup.ConfigureServices' as follows: 'services.AddExceptionHandler(options => { ... });' or configure to generate a 'ProblemDetails' response in 'service.AddProblemDetails()'.
   at Microsoft.AspNetCore.Diagnostics.ExceptionHandlerMiddlewareImpl..ctor(RequestDelegate next, ILoggerFactory loggerFactory, IOptions`1 options, DiagnosticListener diagnosticListener, IEnumerable`1 exceptionHandlers, IMeterFactory meterFactory, IProblemDetailsService problemDetailsService)
   at Microsoft.AspNetCore.Builder.ExceptionHandlerExtensions.<>c__DisplayClass5_0.<SetExceptionHandlerMiddleware>b__0(RequestDelegate next)
   at Microsoft.AspNetCore.Builder.ApplicationBuilder.Build()
   at Microsoft.AspNetCore.Builder.ApplicationBuilder.Build()
   at Microsoft.AspNetCore.Hosting.GenericWebHostService.StartAsync(CancellationToken cancellationToken)
   at Microsoft.Extensions.Hosting.Internal.Host.<StartAsync>b__14_1(IHostedService service, CancellationToken token)
   at Microsoft.Extensions.Hosting.Internal.Host.ForeachService[T](IEnumerable`1 services, CancellationToken token, Boolean concurrent, Boolean abortOnFirstException, List`1 exceptions, Func`3 operation)
2026-09-17 16:25:38.429 +03:00 [FTL] GameStore API terminated unexpectedly
System.InvalidOperationException: An error occurred when configuring the exception handler middleware. Either the 'ExceptionHandlingPath' or the 'ExceptionHandler' property must be set in 'UseExceptionHandler()'. Alternatively, set one of the aforementioned properties in 'Startup.ConfigureServices' as follows: 'services.AddExceptionHandler(options => { ... });' or configure to generate a 'ProblemDetails' response in 'service.AddProblemDetails()'.
   at Microsoft.AspNetCore.Diagnostics.ExceptionHandlerMiddlewareImpl..ctor(RequestDelegate next, ILoggerFactory loggerFactory, IOptions`1 options, DiagnosticListener diagnosticListener, IEnumerable`1 exceptionHandlers, IMeterFactory meterFactory, IProblemDetailsService problemDetailsService)
   at Microsoft.AspNetCore.Builder.ExceptionHandlerExtensions.<>c__DisplayClass5_0.<SetExceptionHandlerMiddleware>b__0(RequestDelegate next)
   at Microsoft.AspNetCore.Builder.ApplicationBuilder.Build()
   at Microsoft.AspNetCore.Builder.ApplicationBuilder.Build()
   at Microsoft.AspNetCore.Hosting.GenericWebHostService.StartAsync(CancellationToken cancellationToken)
   at Microsoft.Extensions.Hosting.Internal.Host.<StartAsync>b__14_1(IHostedService service, CancellationToken token)
   at Microsoft.Extensions.Hosting.Internal.Host.ForeachService[T](IEnumerable`1 services, CancellationToken token, Boolean concurrent, Boolean abortOnFirstException, List`1 exceptions, Func`3 operation)
   at Microsoft.Extensions.Hosting.Internal.Host.StartAsync(CancellationToken cancellationToken)
   at Microsoft.Extensions.Hosting.HostingAbstractionsHostExtensions.RunAsync(IHost host, CancellationToken token)
   at Microsoft.Extensions.Hosting.HostingAbstractionsHostExtensions.RunAsync(IHost host, CancellationToken token)
   at Microsoft.Extensions.Hosting.HostingAbstractionsHostExtensions.Run(IHost host)
   at Program.<Main>$(String[] args) in C:\Projects\GameStore\GameStore.APi\Program.cs:line 48
2026-09-17 16:26:49.546 +03:00 [FTL] Application startup exception
System.InvalidOperationException: An error occurred when configuring the exception handler middleware. Either the 'ExceptionHandlingPath' or the 'ExceptionHandler' property must be set in 'UseExceptionHandler()'. Alternatively, set one of the aforementioned properties in 'Startup.ConfigureServices' as follows: 'services.AddExceptionHandler(options => { ... });' or configure to generate a 'ProblemDetails' response in 'service.AddProblemDetails()'.
   at Microsoft.AspNetCore.Diagnostics.ExceptionHandlerMiddlewareImpl..ctor(RequestDelegate next, ILoggerFactory loggerFactory, IOptions`1 options, DiagnosticListener diagnosticListener, IEnumerable`1 exceptionHandlers, IMeterFactory meterFactory, IProblemDetailsService problemDetailsService)
   at Microsoft.AspNetCore.Builder.ExceptionHandlerExtensions.<>c__DisplayClass5_0.<SetExceptionHandlerMiddleware>b__0(RequestDelegate next)
   at Microsoft.AspNetCore.Builder.ApplicationBuilder.Build()
   at Microsoft.AspNetCore.Builder.ApplicationBuilder.Build()
   at Microsoft.AspNetCore.Hosting.GenericWebHostService.StartAsync(CancellationToken cancellationToken)
2026-09-17 16:26:49.567 +03:00 [ERR] Hosting failed to start
System.InvalidOperationException: An error occurred when configuring the exception handler middleware. Either the 'ExceptionHandlingPath' or the 'ExceptionHandler' property must be set in 'UseExceptionHandler()'. Alternatively, set one of the aforementioned properties in 'Startup.ConfigureServices' as follows: 'services.AddExceptionHandler(options => { ... });' or configure to generate a 'ProblemDetails' response in 'service.AddProblemDetails()'.
   at Microsoft.AspNetCore.Diagnostics.ExceptionHandlerMiddlewareImpl..ctor(RequestDelegate next, ILoggerFactory loggerFactory, IOptions`1 options, DiagnosticListener diagnosticListener, IEnumerable`1 exceptionHandlers, IMeterFactory meterFactory, IProblemDetailsService problemDetailsService)
   at Microsoft.AspNetCore.Builder.ExceptionHandlerExtensions.<>c__DisplayClass5_0.<SetExceptionHandlerMiddleware>b__0(RequestDelegate next)
   at Microsoft.AspNetCore.Builder.ApplicationBuilder.Build()
   at Microsoft.AspNetCore.Builder.ApplicationBuilder.Build()
   at Microsoft.AspNetCore.Hosting.GenericWebHostService.StartAsync(CancellationToken cancellationToken)
   at Microsoft.Extensions.Hosting.Internal.Host.<StartAsync>b__14_1(IHostedService service, CancellationToken token)
   at Microsoft.Extensions.Hosting.Internal.Host.ForeachService[T](IEnumerable`1 services, CancellationToken token, Boolean concurrent, Boolean abortOnFirstException, List`1 exceptions, Func`3 operation)
2026-09-17 16:26:49.572 +03:00 [FTL] GameStore API terminated unexpectedly
System.InvalidOperationException: An error occurred when configuring the exception handler middleware. Either the 'ExceptionHandlingPath' or the 'ExceptionHandler' property must be set in 'UseExceptionHandler()'. Alternatively, set one of the aforementioned properties in 'Startup.ConfigureServices' as follows: 'services.AddExceptionHandler(options => { ... });' or configure to generate a 'ProblemDetails' response in 'service.AddProblemDetails()'.
   at Microsoft.AspNetCore.Diagnostics.ExceptionHandlerMiddlewareImpl..ctor(RequestDelegate next, ILoggerFactory loggerFactory, IOptions`1 options, DiagnosticListener diagnosticListener, IEnumerable`1 exceptionHandlers, IMeterFactory meterFactory, IProblemDetailsService problemDetailsService)
   at Microsoft.AspNetCore.Builder.ExceptionHandlerExtensions.<>c__DisplayClass5_0.<SetExceptionHandlerMiddleware>b__0(RequestDelegate next)
   at Microsoft.AspNetCore.Builder.ApplicationBuilder.Build()
   at Microsoft.AspNetCore.Builder.ApplicationBuilder.Build()
   at Microsoft.AspNetCore.Hosting.GenericWebHostService.StartAsync(CancellationToken cancellationToken)
   at Microsoft.Extensions.Hosting.Internal.Host.<StartAsync>b__14_1(IHostedService service, CancellationToken token)
   at Microsoft.Extensions.Hosting.Internal.Host.ForeachService[T](IEnumerable`1 services, CancellationToken token, Boolean concurrent, Boolean abortOnFirstException, List`1 exceptions, Func`3 operation)
   at Microsoft.Extensions.Hosting.Internal.Host.StartAsync(CancellationToken cancellationToken)
   at Microsoft.Extensions.Hosting.HostingAbstractionsHostExtensions.RunAsync(IHost host, CancellationToken token)
   at Microsoft.Extensions.Hosting.HostingAbstractionsHostExtensions.RunAsync(IHost host, CancellationToken token)
   at Microsoft.Extensions.Hosting.HostingAbstractionsHostExtensions.Run(IHost host)
   at Program.<Main>$(String[] args) in C:\Projects\GameStore\GameStore.APi\Program.cs:line 48
2026-09-17 16:27:40.229 +03:00 [INF] Now listening on: http://localhost:5288
2026-09-17 16:27:40.249 +03:00 [INF] Application started. Press Ctrl+C to shut down.
2026-09-17 16:27:40.250 +03:00 [INF] Hosting environment: Development
2026-09-17 16:27:40.250 +03:00 [INF] Content root path: C:\Projects\GameStore\GameStore.APi
2026-09-17 16:29:44.521 +03:00 [INF] Application is shutting down...
2026-09-17 16:29:48.568 +03:00 [INF] Now listening on: http://localhost:5288
2026-09-17 16:29:48.586 +03:00 [INF] Application started. Press Ctrl+C to shut down.
2026-09-17 16:29:48.587 +03:00 [INF] Hosting environment: Development
2026-09-17 16:29:48.588 +03:00 [INF] Content root path: C:\Projects\GameStore\GameStore.APi
2026-09-17 16:36:16.198 +03:00 [INF] Application is shutting down...
